Archive member included to satisfy reference by file (symbol)

/usr/lib/x86_64-linux-gnu/libc_nonshared.a(elf-init.oS)
                              /usr/lib/gcc/x86_64-linux-gnu/9/../../../x86_64-linux-gnu/Scrt1.o (__libc_csu_init)

Merging program properties


As-needed library included to satisfy reference by file (symbol)

libstdc++.so.6                src/parse_tree.o (std::basic_ostream<char, std::char_traits<char> >& std::operator<< <std::char_traits<char> >(std::basic_ostream<char, std::char_traits<char> >&, char)@@GLIBCXX_3.4)
libgcc_s.so.1                 src/parse_tree.o (_Unwind_Resume@@GCC_3.0)
libc.so.6                     src/parse_tree.o (__stack_chk_fail@@GLIBC_2.4)

Discarded input sections

 .note.GNU-stack
                0x0000000000000000        0x0 /usr/lib/gcc/x86_64-linux-gnu/9/../../../x86_64-linux-gnu/Scrt1.o
 .note.gnu.property
                0x0000000000000000       0x20 /usr/lib/gcc/x86_64-linux-gnu/9/../../../x86_64-linux-gnu/crti.o
 .note.GNU-stack
                0x0000000000000000        0x0 /usr/lib/gcc/x86_64-linux-gnu/9/../../../x86_64-linux-gnu/crti.o
 .note.GNU-stack
                0x0000000000000000        0x0 /usr/lib/gcc/x86_64-linux-gnu/9/crtbeginS.o
 .note.gnu.property
                0x0000000000000000       0x20 /usr/lib/gcc/x86_64-linux-gnu/9/crtbeginS.o
 .group         0x0000000000000000        0x8 src/parse_tree.o
 .group         0x0000000000000000        0x8 src/parse_tree.o
 .group         0x0000000000000000        0xc src/parse_tree.o
 .group         0x0000000000000000        0xc src/parse_tree.o
 .group         0x0000000000000000        0xc src/parse_tree.o
 .group         0x0000000000000000        0xc src/parse_tree.o
 .group         0x0000000000000000        0xc src/parse_tree.o
 .group         0x0000000000000000        0xc src/parse_tree.o
 .group         0x0000000000000000        0xc src/parse_tree.o
 .group         0x0000000000000000        0xc src/parse_tree.o
 .group         0x0000000000000000        0xc src/parse_tree.o
 .group         0x0000000000000000        0xc src/parse_tree.o
 .group         0x0000000000000000        0xc src/parse_tree.o
 .group         0x0000000000000000        0xc src/parse_tree.o
 .group         0x0000000000000000        0xc src/parse_tree.o
 .group         0x0000000000000000        0xc src/parse_tree.o
 .group         0x0000000000000000        0xc src/parse_tree.o
 .group         0x0000000000000000        0xc src/parse_tree.o
 .group         0x0000000000000000        0xc src/parse_tree.o
 .group         0x0000000000000000        0xc src/parse_tree.o
 .group         0x0000000000000000        0xc src/parse_tree.o
 .group         0x0000000000000000        0xc src/parse_tree.o
 .group         0x0000000000000000        0xc src/parse_tree.o
 .group         0x0000000000000000        0xc src/parse_tree.o
 .group         0x0000000000000000        0xc src/parse_tree.o
 .group         0x0000000000000000        0xc src/parse_tree.o
 .group         0x0000000000000000        0xc src/parse_tree.o
 .group         0x0000000000000000        0xc src/parse_tree.o
 .group         0x0000000000000000        0x8 src/parse_tree.o
 .group         0x0000000000000000        0x8 src/parse_tree.o
 .group         0x0000000000000000        0xc src/parse_tree.o
 .group         0x0000000000000000        0xc src/parse_tree.o
 .group         0x0000000000000000        0xc src/parse_tree.o
 .group         0x0000000000000000        0xc src/parse_tree.o
 .group         0x0000000000000000        0xc src/parse_tree.o
 .group         0x0000000000000000        0xc src/parse_tree.o
 .group         0x0000000000000000        0x8 src/parse_tree.o
 .group         0x0000000000000000        0x8 src/parse_tree.o
 .group         0x0000000000000000        0xc src/parse_tree.o
 .group         0x0000000000000000        0xc src/parse_tree.o
 .group         0x0000000000000000        0xc src/parse_tree.o
 .group         0x0000000000000000        0xc src/parse_tree.o
 .group         0x0000000000000000        0x8 src/parse_tree.o
 .group         0x0000000000000000        0xc src/parse_tree.o
 .group         0x0000000000000000        0x8 src/parse_tree.o
 .group         0x0000000000000000        0xc src/parse_tree.o
 .group         0x0000000000000000        0xc src/parse_tree.o
 .group         0x0000000000000000        0xc src/parse_tree.o
 .group         0x0000000000000000        0x8 src/parse_tree.o
 .group         0x0000000000000000        0xc src/parse_tree.o
 .group         0x0000000000000000        0xc src/parse_tree.o
 .group         0x0000000000000000        0xc src/parse_tree.o
 .group         0x0000000000000000        0xc src/parse_tree.o
 .group         0x0000000000000000        0xc src/parse_tree.o
 .group         0x0000000000000000        0xc src/parse_tree.o
 .group         0x0000000000000000        0xc src/parse_tree.o
 .group         0x0000000000000000        0xc src/parse_tree.o
 .group         0x0000000000000000        0xc src/parse_tree.o
 .group         0x0000000000000000        0xc src/parse_tree.o
 .group         0x0000000000000000        0xc src/parse_tree.o
 .group         0x0000000000000000        0x8 src/parse_tree.o
 .group         0x0000000000000000        0xc src/parse_tree.o
 .group         0x0000000000000000        0x8 src/parse_tree.o
 .group         0x0000000000000000        0xc src/parse_tree.o
 .group         0x0000000000000000        0xc src/parse_tree.o
 .group         0x0000000000000000        0xc src/parse_tree.o
 .group         0x0000000000000000        0xc src/parse_tree.o
 .group         0x0000000000000000        0xc src/parse_tree.o
 .group         0x0000000000000000        0xc src/parse_tree.o
 .group         0x0000000000000000        0xc src/parse_tree.o
 .group         0x0000000000000000        0xc src/parse_tree.o
 .group         0x0000000000000000        0x8 src/parse_tree.o
 .group         0x0000000000000000        0xc src/parse_tree.o
 .group         0x0000000000000000        0x8 src/parse_tree.o
 .group         0x0000000000000000        0x8 src/parse_tree.o
 .group         0x0000000000000000        0xc src/parse_tree.o
 .group         0x0000000000000000        0xc src/parse_tree.o
 .group         0x0000000000000000        0xc src/parse_tree.o
 .group         0x0000000000000000        0xc src/parse_tree.o
 .group         0x0000000000000000        0xc src/parse_tree.o
 .group         0x0000000000000000        0xc src/parse_tree.o
 .group         0x0000000000000000        0xc src/parse_tree.o
 .group         0x0000000000000000        0x8 src/parse_tree.o
 .group         0x0000000000000000        0xc src/parse_tree.o
 .group         0x0000000000000000        0xc src/parse_tree.o
 .group         0x0000000000000000        0xc src/parse_tree.o
 .group         0x0000000000000000        0xc src/parse_tree.o
 .group         0x0000000000000000        0xc src/parse_tree.o
 .group         0x0000000000000000        0xc src/parse_tree.o
 .group         0x0000000000000000        0xc src/parse_tree.o
 .group         0x0000000000000000        0xc src/parse_tree.o
 .group         0x0000000000000000        0xc src/parse_tree.o
 .group         0x0000000000000000        0xc src/parse_tree.o
 .group         0x0000000000000000        0xc src/parse_tree.o
 .group         0x0000000000000000        0xc src/parse_tree.o
 .group         0x0000000000000000        0x8 src/parse_tree.o
 .group         0x0000000000000000        0xc src/parse_tree.o
 .group         0x0000000000000000        0xc src/parse_tree.o
 .group         0x0000000000000000        0xc src/parse_tree.o
 .group         0x0000000000000000        0xc src/parse_tree.o
 .group         0x0000000000000000        0xc src/parse_tree.o
 .group         0x0000000000000000        0xc src/parse_tree.o
 .group         0x0000000000000000        0xc src/parse_tree.o
 .group         0x0000000000000000        0x8 src/parse_tree.o
 .group         0x0000000000000000        0xc src/parse_tree.o
 .group         0x0000000000000000        0xc src/parse_tree.o
 .group         0x0000000000000000        0xc src/parse_tree.o
 .group         0x0000000000000000        0x8 src/parse_tree.o
 .group         0x0000000000000000        0x8 src/parse_tree.o
 .group         0x0000000000000000        0xc src/parse_tree.o
 .group         0x0000000000000000        0xc src/parse_tree.o
 .group         0x0000000000000000        0xc src/parse_tree.o
 .group         0x0000000000000000        0x8 src/parse_tree.o
 .group         0x0000000000000000        0xc src/parse_tree.o
 .group         0x0000000000000000        0x8 src/parse_tree.o
 .group         0x0000000000000000        0xc src/parse_tree.o
 .group         0x0000000000000000        0xc src/parse_tree.o
 .group         0x0000000000000000        0xc src/parse_tree.o
 .group         0x0000000000000000        0x8 src/parse_tree.o
 .group         0x0000000000000000        0xc src/parse_tree.o
 .group         0x0000000000000000        0x8 src/parse_tree.o
 .group         0x0000000000000000        0xc src/parse_tree.o
 .group         0x0000000000000000        0x8 src/parse_tree.o
 .group         0x0000000000000000        0xc src/parse_tree.o
 .group         0x0000000000000000        0xc src/parse_tree.o
 .group         0x0000000000000000        0xc src/parse_tree.o
 .group         0x0000000000000000        0xc src/parse_tree.o
 .group         0x0000000000000000        0xc src/parse_tree.o
 .group         0x0000000000000000        0xc src/parse_tree.o
 .group         0x0000000000000000        0xc src/parse_tree.o
 .group         0x0000000000000000        0x8 src/parse_tree.o
 .group         0x0000000000000000        0xc src/parse_tree.o
 .group         0x0000000000000000        0x8 src/parse_tree.o
 .group         0x0000000000000000        0xc src/parse_tree.o
 .group         0x0000000000000000        0x8 src/parse_tree.o
 .group         0x0000000000000000        0x8 src/parse_tree.o
 .group         0x0000000000000000        0x8 src/parse_tree.o
 .group         0x0000000000000000        0xc src/parse_tree.o
 .group         0x0000000000000000        0xc src/parse_tree.o
 .group         0x0000000000000000        0x8 src/parse_tree.o
 .group         0x0000000000000000        0xc src/parse_tree.o
 .group         0x0000000000000000        0xc src/parse_tree.o
 .group         0x0000000000000000        0xc src/parse_tree.o
 .group         0x0000000000000000        0xc src/parse_tree.o
 .group         0x0000000000000000        0x8 src/parse_tree.o
 .group         0x0000000000000000        0xc src/parse_tree.o
 .group         0x0000000000000000        0x8 src/parse_tree.o
 .group         0x0000000000000000        0xc src/parse_tree.o
 .group         0x0000000000000000        0x8 src/parse_tree.o
 .group         0x0000000000000000        0xc src/parse_tree.o
 .group         0x0000000000000000        0x8 src/parse_tree.o
 .group         0x0000000000000000        0xc src/parse_tree.o
 .group         0x0000000000000000        0x8 src/parse_tree.o
 .group         0x0000000000000000        0x8 src/parse_tree.o
 .group         0x0000000000000000        0xc src/parse_tree.o
 .group         0x0000000000000000        0xc src/parse_tree.o
 .group         0x0000000000000000        0xc src/parse_tree.o
 .group         0x0000000000000000        0xc src/parse_tree.o
 .group         0x0000000000000000        0xc src/parse_tree.o
 .note.GNU-stack
                0x0000000000000000        0x0 src/parse_tree.o
 .note.gnu.property
                0x0000000000000000       0x20 src/parse_tree.o
 .group         0x0000000000000000        0xc src/tnode.o
 .data.rel.local.DW.ref.__gxx_personality_v0
                0x0000000000000000        0x8 src/tnode.o
 .note.GNU-stack
                0x0000000000000000        0x0 src/tnode.o
 .note.gnu.property
                0x0000000000000000       0x20 src/tnode.o
 .group         0x0000000000000000        0xc src/main.o
 .data.rel.local.DW.ref.__gxx_personality_v0
                0x0000000000000000        0x8 src/main.o
 .note.GNU-stack
                0x0000000000000000        0x0 src/main.o
 .note.gnu.property
                0x0000000000000000       0x20 src/main.o
 .note.GNU-stack
                0x0000000000000000        0x0 /usr/lib/x86_64-linux-gnu/libc_nonshared.a(elf-init.oS)
 .note.gnu.property
                0x0000000000000000       0x20 /usr/lib/x86_64-linux-gnu/libc_nonshared.a(elf-init.oS)
 .note.GNU-stack
                0x0000000000000000        0x0 /usr/lib/gcc/x86_64-linux-gnu/9/crtendS.o
 .note.gnu.property
                0x0000000000000000       0x20 /usr/lib/gcc/x86_64-linux-gnu/9/crtendS.o
 .note.gnu.property
                0x0000000000000000       0x20 /usr/lib/gcc/x86_64-linux-gnu/9/../../../x86_64-linux-gnu/crtn.o
 .note.GNU-stack
                0x0000000000000000        0x0 /usr/lib/gcc/x86_64-linux-gnu/9/../../../x86_64-linux-gnu/crtn.o

Memory Configuration

Name             Origin             Length             Attributes
*default*        0x0000000000000000 0xffffffffffffffff

Linker script and memory map

LOAD /usr/lib/gcc/x86_64-linux-gnu/9/../../../x86_64-linux-gnu/Scrt1.o
LOAD /usr/lib/gcc/x86_64-linux-gnu/9/../../../x86_64-linux-gnu/crti.o
LOAD /usr/lib/gcc/x86_64-linux-gnu/9/crtbeginS.o
LOAD src/parse_tree.o
LOAD src/tnode.o
LOAD src/main.o
LOAD /usr/lib/gcc/x86_64-linux-gnu/9/libstdc++.so
LOAD /usr/lib/gcc/x86_64-linux-gnu/9/../../../x86_64-linux-gnu/libm.so
START GROUP
LOAD /lib/x86_64-linux-gnu/libm.so.6
LOAD /lib/x86_64-linux-gnu/libmvec.so.1
END GROUP
LOAD /usr/lib/gcc/x86_64-linux-gnu/9/libgcc_s.so
START GROUP
LOAD /usr/lib/gcc/x86_64-linux-gnu/9/../../../x86_64-linux-gnu/libgcc_s.so.1
LOAD /usr/lib/gcc/x86_64-linux-gnu/9/libgcc.a
END GROUP
LOAD /usr/lib/gcc/x86_64-linux-gnu/9/libgcc.a
LOAD /usr/lib/gcc/x86_64-linux-gnu/9/../../../x86_64-linux-gnu/libc.so
START GROUP
LOAD /lib/x86_64-linux-gnu/libc.so.6
LOAD /usr/lib/x86_64-linux-gnu/libc_nonshared.a
LOAD /lib/x86_64-linux-gnu/ld-linux-x86-64.so.2
END GROUP
LOAD /usr/lib/gcc/x86_64-linux-gnu/9/libgcc_s.so
START GROUP
LOAD /usr/lib/gcc/x86_64-linux-gnu/9/../../../x86_64-linux-gnu/libgcc_s.so.1
LOAD /usr/lib/gcc/x86_64-linux-gnu/9/libgcc.a
END GROUP
LOAD /usr/lib/gcc/x86_64-linux-gnu/9/libgcc.a
LOAD /usr/lib/gcc/x86_64-linux-gnu/9/crtendS.o
LOAD /usr/lib/gcc/x86_64-linux-gnu/9/../../../x86_64-linux-gnu/crtn.o
                [!provide]                        PROVIDE (__executable_start = SEGMENT_START ("text-segment", 0x0))
                0x0000000000000318                . = (SEGMENT_START ("text-segment", 0x0) + SIZEOF_HEADERS)

.interp         0x0000000000000318       0x1c
 *(.interp)
 .interp        0x0000000000000318       0x1c /usr/lib/gcc/x86_64-linux-gnu/9/../../../x86_64-linux-gnu/Scrt1.o

.note.gnu.property
                0x0000000000000338       0x20
 .note.gnu.property
                0x0000000000000338       0x20 /usr/lib/gcc/x86_64-linux-gnu/9/../../../x86_64-linux-gnu/Scrt1.o

.note.gnu.build-id
                0x0000000000000358       0x24
 *(.note.gnu.build-id)
 .note.gnu.build-id
                0x0000000000000358       0x24 /usr/lib/gcc/x86_64-linux-gnu/9/../../../x86_64-linux-gnu/Scrt1.o

.note.ABI-tag   0x000000000000037c       0x20
 .note.ABI-tag  0x000000000000037c       0x20 /usr/lib/gcc/x86_64-linux-gnu/9/../../../x86_64-linux-gnu/Scrt1.o

.hash
 *(.hash)

.gnu.hash       0x00000000000003a0       0x28
 *(.gnu.hash)
 .gnu.hash      0x00000000000003a0       0x28 /usr/lib/gcc/x86_64-linux-gnu/9/../../../x86_64-linux-gnu/Scrt1.o

.dynsym         0x00000000000003c8      0x3c0
 *(.dynsym)
 .dynsym        0x00000000000003c8      0x3c0 /usr/lib/gcc/x86_64-linux-gnu/9/../../../x86_64-linux-gnu/Scrt1.o

.dynstr         0x0000000000000788      0x554
 *(.dynstr)
 .dynstr        0x0000000000000788      0x554 /usr/lib/gcc/x86_64-linux-gnu/9/../../../x86_64-linux-gnu/Scrt1.o

.gnu.version    0x0000000000000cdc       0x50
 *(.gnu.version)
 .gnu.version   0x0000000000000cdc       0x50 /usr/lib/gcc/x86_64-linux-gnu/9/../../../x86_64-linux-gnu/Scrt1.o

.gnu.version_d  0x0000000000000d30        0x0
 *(.gnu.version_d)
 .gnu.version_d
                0x0000000000000d30        0x0 /usr/lib/gcc/x86_64-linux-gnu/9/../../../x86_64-linux-gnu/Scrt1.o

.gnu.version_r  0x0000000000000d30       0xa0
 *(.gnu.version_r)
 .gnu.version_r
                0x0000000000000d30       0xa0 /usr/lib/gcc/x86_64-linux-gnu/9/../../../x86_64-linux-gnu/Scrt1.o

.rela.dyn       0x0000000000000dd0      0x150
 *(.rela.init)
 *(.rela.text .rela.text.* .rela.gnu.linkonce.t.*)
 .rela.text     0x0000000000000dd0        0x0 /usr/lib/gcc/x86_64-linux-gnu/9/../../../x86_64-linux-gnu/Scrt1.o
 *(.rela.fini)
 *(.rela.rodata .rela.rodata.* .rela.gnu.linkonce.r.*)
 *(.rela.data .rela.data.* .rela.gnu.linkonce.d.*)
 .rela.data.rel.ro
                0x0000000000000dd0        0x0 /usr/lib/gcc/x86_64-linux-gnu/9/../../../x86_64-linux-gnu/Scrt1.o
 .rela.data.rel.local
                0x0000000000000dd0       0x18 /usr/lib/gcc/x86_64-linux-gnu/9/../../../x86_64-linux-gnu/Scrt1.o
 .rela.data.rel.local.DW.ref.__gxx_personality_v0
                0x0000000000000de8       0x18 /usr/lib/gcc/x86_64-linux-gnu/9/../../../x86_64-linux-gnu/Scrt1.o
 *(.rela.tdata .rela.tdata.* .rela.gnu.linkonce.td.*)
 *(.rela.tbss .rela.tbss.* .rela.gnu.linkonce.tb.*)
 *(.rela.ctors)
 *(.rela.dtors)
 *(.rela.got)
 .rela.got      0x0000000000000e00       0xa8 /usr/lib/gcc/x86_64-linux-gnu/9/../../../x86_64-linux-gnu/Scrt1.o
 *(.rela.bss .rela.bss.* .rela.gnu.linkonce.b.*)
 .rela.bss      0x0000000000000ea8       0x18 /usr/lib/gcc/x86_64-linux-gnu/9/../../../x86_64-linux-gnu/Scrt1.o
 *(.rela.ldata .rela.ldata.* .rela.gnu.linkonce.l.*)
 *(.rela.lbss .rela.lbss.* .rela.gnu.linkonce.lb.*)
 *(.rela.lrodata .rela.lrodata.* .rela.gnu.linkonce.lr.*)
 *(.rela.ifunc)
 .rela.ifunc    0x0000000000000ec0        0x0 /usr/lib/gcc/x86_64-linux-gnu/9/../../../x86_64-linux-gnu/Scrt1.o
 .rela.fini_array
                0x0000000000000ec0       0x18 /usr/lib/gcc/x86_64-linux-gnu/9/../../../x86_64-linux-gnu/Scrt1.o
 .rela.init_array
                0x0000000000000ed8       0x48 /usr/lib/gcc/x86_64-linux-gnu/9/../../../x86_64-linux-gnu/Scrt1.o
 .rela.eh_frame
                0x0000000000000f20        0x0 /usr/lib/gcc/x86_64-linux-gnu/9/../../../x86_64-linux-gnu/Scrt1.o

.rela.plt       0x0000000000000f20      0x2d0
 *(.rela.plt)
 .rela.plt      0x0000000000000f20      0x2d0 /usr/lib/gcc/x86_64-linux-gnu/9/../../../x86_64-linux-gnu/Scrt1.o
 *(.rela.iplt)
                0x0000000000002000                . = ALIGN (CONSTANT (MAXPAGESIZE))

.init           0x0000000000002000       0x1b
 *(SORT_NONE(.init))
 .init          0x0000000000002000       0x16 /usr/lib/gcc/x86_64-linux-gnu/9/../../../x86_64-linux-gnu/crti.o
                0x0000000000002000                _init
 .init          0x0000000000002016        0x5 /usr/lib/gcc/x86_64-linux-gnu/9/../../../x86_64-linux-gnu/crtn.o

.plt            0x0000000000002020      0x1f0
 *(.plt)
 .plt           0x0000000000002020      0x1f0 /usr/lib/gcc/x86_64-linux-gnu/9/../../../x86_64-linux-gnu/Scrt1.o
 *(.iplt)

.plt.got        0x0000000000002210       0x10
 *(.plt.got)
 .plt.got       0x0000000000002210       0x10 /usr/lib/gcc/x86_64-linux-gnu/9/../../../x86_64-linux-gnu/Scrt1.o
                0x0000000000002210                __cxa_finalize@@GLIBC_2.2.5

.plt.sec        0x0000000000002220      0x1e0
 *(.plt.sec)
 .plt.sec       0x0000000000002220      0x1e0 /usr/lib/gcc/x86_64-linux-gnu/9/../../../x86_64-linux-gnu/Scrt1.o
                0x0000000000002220                std::__cxx11::basic_string<char, std::char_traits<char>, std::allocator<char> >::operator=(std::__cxx11::basic_string<char, std::char_traits<char>, std::allocator<char> > const&)@@GLIBCXX_3.4.21
                0x0000000000002230                std::allocator<char>::~allocator()@@GLIBCXX_3.4
                0x0000000000002240                std::__throw_bad_alloc()@@GLIBCXX_3.4
                0x0000000000002250                __cxa_begin_catch@@CXXABI_1.3
                0x0000000000002260                std::__cxx11::basic_string<char, std::char_traits<char>, std::allocator<char> >::basic_string(std::__cxx11::basic_string<char, std::char_traits<char>, std::allocator<char> > const&)@@GLIBCXX_3.4.21
                0x0000000000002270                std::__throw_length_error(char const*)@@GLIBCXX_3.4
                0x0000000000002280                std::__cxx11::basic_string<char, std::char_traits<char>, std::allocator<char> >::~basic_string()@@GLIBCXX_3.4.21
                0x0000000000002290                std::__cxx11::basic_string<char, std::char_traits<char>, std::allocator<char> >::operator+=(char)@@GLIBCXX_3.4.21
                0x00000000000022a0                std::__cxx11::basic_string<char, std::char_traits<char>, std::allocator<char> >::basic_string(unsigned long, char, std::allocator<char> const&)@@GLIBCXX_3.4.21
                0x00000000000022b0                std::__cxx11::basic_string<char, std::char_traits<char>, std::allocator<char> >::size() const@@GLIBCXX_3.4.21
                0x00000000000022c0                __cxa_atexit@@GLIBC_2.2.5
                0x00000000000022d0                std::basic_ostream<char, std::char_traits<char> >& std::operator<< <char, std::char_traits<char>, std::allocator<char> >(std::basic_ostream<char, std::char_traits<char> >&, std::__cxx11::basic_string<char, std::char_traits<char>, std::allocator<char> > const&)@@GLIBCXX_3.4.21
                0x00000000000022e0                operator delete(void*)@@GLIBCXX_3.4
                0x00000000000022f0                std::basic_ostream<char, std::char_traits<char> >& std::operator<< <std::char_traits<char> >(std::basic_ostream<char, std::char_traits<char> >&, char const*)@@GLIBCXX_3.4
                0x0000000000002300                operator new(unsigned long)@@GLIBCXX_3.4
                0x0000000000002310                operator delete(void*, unsigned long)@@CXXABI_1.3.9
                0x0000000000002320                std::ostream::operator<<(std::ostream& (*)(std::ostream&))@@GLIBCXX_3.4
                0x0000000000002330                std::allocator<char>::~allocator()@@GLIBCXX_3.4
                0x0000000000002340                __stack_chk_fail@@GLIBC_2.4
                0x0000000000002350                std::basic_ostream<char, std::char_traits<char> >& std::operator<< <std::char_traits<char> >(std::basic_ostream<char, std::char_traits<char> >&, char)@@GLIBCXX_3.4
                0x0000000000002360                std::__cxx11::basic_string<char, std::char_traits<char>, std::allocator<char> >::basic_string(char const*, std::allocator<char> const&)@@GLIBCXX_3.4.21
                0x0000000000002370                std::__cxx11::basic_string<char, std::char_traits<char>, std::allocator<char> >::basic_string()@@GLIBCXX_3.4.21
                0x0000000000002380                __cxa_rethrow@@CXXABI_1.3
                0x0000000000002390                std::ios_base::Init::Init()@@GLIBCXX_3.4
                0x00000000000023a0                memmove@@GLIBC_2.2.5
                0x00000000000023b0                __cxa_end_catch@@CXXABI_1.3
                0x00000000000023c0                std::allocator<char>::allocator()@@GLIBCXX_3.4
                0x00000000000023d0                _Unwind_Resume@@GCC_3.0
                0x00000000000023e0                std::allocator<char>::allocator()@@GLIBCXX_3.4
                0x00000000000023f0                std::__cxx11::basic_string<char, std::char_traits<char>, std::allocator<char> >::operator[](unsigned long)@@GLIBCXX_3.4.21

.text           0x0000000000002400     0x4805
 *(.text.unlikely .text.*_unlikely .text.unlikely.*)
 *(.text.exit .text.exit.*)
 *(.text.startup .text.startup.*)
 *(.text.hot .text.hot.*)
 *(SORT_BY_NAME(.text.sorted.*))
 *(.text .stub .text.* .gnu.linkonce.t.*)
 .text          0x0000000000002400       0x2f /usr/lib/gcc/x86_64-linux-gnu/9/../../../x86_64-linux-gnu/Scrt1.o
                0x0000000000002400                _start
 .text          0x000000000000242f        0x0 /usr/lib/gcc/x86_64-linux-gnu/9/../../../x86_64-linux-gnu/crti.o
 *fill*         0x000000000000242f        0x1 
 .text          0x0000000000002430       0xb9 /usr/lib/gcc/x86_64-linux-gnu/9/crtbeginS.o
 *fill*         0x00000000000024e9        0x1 
 .text          0x00000000000024ea     0x1741 src/parse_tree.o
                0x00000000000024ea                unary(char)
                0x000000000000252d                binary(char)
                0x0000000000002570                op(char)
                0x00000000000025b3                opening(char)
                0x00000000000025f6                closing(char)
                0x0000000000002639                spec_char(char)
                0x000000000000267c                digchar(char)
                0x00000000000026c2                parse_tree::add_concat(std::__cxx11::basic_string<char, std::char_traits<char>, std::allocator<char> >)
                0x0000000000002b3a                parse_tree::is_input(char)
                0x0000000000002b92                parse_tree::push_tnode(std::__cxx11::basic_string<char, std::char_traits<char>, std::allocator<char> >)
                0x0000000000002c62                parse_tree::priority(char, char)
                0x0000000000002cea                parse_tree::do_op()
                0x0000000000002de8                parse_tree::_star()
                0x0000000000002f1c                parse_tree::_concat()
                0x0000000000003086                parse_tree::_union()
                0x00000000000031f0                parse_tree::_plus()
                0x0000000000003324                parse_tree::_quest()
                0x0000000000003458                parse_tree::generate_ptree(std::__cxx11::basic_string<char, std::char_traits<char>, std::allocator<char> >)
                0x000000000000397a                parse_tree::print(tnode*)
                0x0000000000003ad6                parse_tree::print_tree(tnode*)
                0x0000000000003b16                parse_tree::parse_tree()
                0x0000000000003b16                parse_tree::parse_tree()
                0x0000000000003b96                parse_tree::~parse_tree()
                0x0000000000003b96                parse_tree::~parse_tree()
 .text._ZnwmPv  0x0000000000003c2b       0x16 src/parse_tree.o
                0x0000000000003c2b                operator new(unsigned long, void*)
 .text._ZSt16__deque_buf_sizem
                0x0000000000003c41       0x2d src/parse_tree.o
                0x0000000000003c41                std::__deque_buf_size(unsigned long)
 .text._ZNSt5stackIP5tnodeSt5dequeIS1_SaIS1_EEED2Ev
                0x0000000000003c6e       0x1f src/parse_tree.o
                0x0000000000003c6e                std::stack<tnode*, std::deque<tnode*, std::allocator<tnode*> > >::~stack()
                0x0000000000003c6e                std::stack<tnode*, std::deque<tnode*, std::allocator<tnode*> > >::~stack()
 *fill*         0x0000000000003c8d        0x1 
 .text._ZNSt5stackIcSt5dequeIcSaIcEEED2Ev
                0x0000000000003c8e       0x1f src/parse_tree.o
                0x0000000000003c8e                std::stack<char, std::deque<char, std::allocator<char> > >::~stack()
                0x0000000000003c8e                std::stack<char, std::deque<char, std::allocator<char> > >::~stack()
 *fill*         0x0000000000003cad        0x1 
 .text._ZNSt5stackIP5tnodeSt5dequeIS1_SaIS1_EEE4pushERKS1_
                0x0000000000003cae       0x2a src/parse_tree.o
                0x0000000000003cae                std::stack<tnode*, std::deque<tnode*, std::allocator<tnode*> > >::push(tnode* const&)
 .text._ZNKSt5stackIcSt5dequeIcSaIcEEE5emptyEv
                0x0000000000003cd8       0x1e src/parse_tree.o
                0x0000000000003cd8                std::stack<char, std::deque<char, std::allocator<char> > >::empty() const
 .text._ZNSt5stackIcSt5dequeIcSaIcEEE3topEv
                0x0000000000003cf6       0x1e src/parse_tree.o
                0x0000000000003cf6                std::stack<char, std::deque<char, std::allocator<char> > >::top()
 .text._ZNSt5stackIcSt5dequeIcSaIcEEE3popEv
                0x0000000000003d14       0x1f src/parse_tree.o
                0x0000000000003d14                std::stack<char, std::deque<char, std::allocator<char> > >::pop()
 *fill*         0x0000000000003d33        0x1 
 .text._ZNSt5stackIP5tnodeSt5dequeIS1_SaIS1_EEE3topEv
                0x0000000000003d34       0x1e src/parse_tree.o
                0x0000000000003d34                std::stack<tnode*, std::deque<tnode*, std::allocator<tnode*> > >::top()
 .text._ZNSt5stackIP5tnodeSt5dequeIS1_SaIS1_EEE3popEv
                0x0000000000003d52       0x1f src/parse_tree.o
                0x0000000000003d52                std::stack<tnode*, std::deque<tnode*, std::allocator<tnode*> > >::pop()
 *fill*         0x0000000000003d71        0x1 
 .text._ZNSt5stackIcSt5dequeIcSaIcEEE4pushERKc
                0x0000000000003d72       0x2a src/parse_tree.o
                0x0000000000003d72                std::stack<char, std::deque<char, std::allocator<char> > >::push(char const&)
 .text._ZNSt5stackIP5tnodeSt5dequeIS1_SaIS1_EEEC2IS4_vEEv
                0x0000000000003d9c       0x1f src/parse_tree.o
                0x0000000000003d9c                std::stack<tnode*, std::deque<tnode*, std::allocator<tnode*> > >::stack<std::deque<tnode*, std::allocator<tnode*> >, void>()
                0x0000000000003d9c                std::stack<tnode*, std::deque<tnode*, std::allocator<tnode*> > >::stack<std::deque<tnode*, std::allocator<tnode*> >, void>()
 *fill*         0x0000000000003dbb        0x1 
 .text._ZNSt5dequeIP5tnodeSaIS1_EED2Ev
                0x0000000000003dbc       0x94 src/parse_tree.o
                0x0000000000003dbc                std::deque<tnode*, std::allocator<tnode*> >::~deque()
                0x0000000000003dbc                std::deque<tnode*, std::allocator<tnode*> >::~deque()
 .text._ZNSt5stackIcSt5dequeIcSaIcEEEC2IS2_vEEv
                0x0000000000003e50       0x1f src/parse_tree.o
                0x0000000000003e50                std::stack<char, std::deque<char, std::allocator<char> > >::stack<std::deque<char, std::allocator<char> >, void>()
                0x0000000000003e50                std::stack<char, std::deque<char, std::allocator<char> > >::stack<std::deque<char, std::allocator<char> >, void>()
 *fill*         0x0000000000003e6f        0x1 
 .text._ZNSt5dequeIcSaIcEED2Ev
                0x0000000000003e70       0x94 src/parse_tree.o
                0x0000000000003e70                std::deque<char, std::allocator<char> >::~deque()
                0x0000000000003e70                std::deque<char, std::allocator<char> >::~deque()
 .text._ZNKSt5stackIP5tnodeSt5dequeIS1_SaIS1_EEE5emptyEv
                0x0000000000003f04       0x1e src/parse_tree.o
                0x0000000000003f04                std::stack<tnode*, std::deque<tnode*, std::allocator<tnode*> > >::empty() const
 .text._ZNSt5dequeIP5tnodeSaIS1_EE9push_backERKS1_
                0x0000000000003f22       0x74 src/parse_tree.o
                0x0000000000003f22                std::deque<tnode*, std::allocator<tnode*> >::push_back(tnode* const&)
 .text._ZNKSt5dequeIcSaIcEE5emptyEv
                0x0000000000003f96       0x2d src/parse_tree.o
                0x0000000000003f96                std::deque<char, std::allocator<char> >::empty() const
 *fill*         0x0000000000003fc3        0x1 
 .text._ZNSt5dequeIcSaIcEE4backEv
                0x0000000000003fc4       0x60 src/parse_tree.o
                0x0000000000003fc4                std::deque<char, std::allocator<char> >::back()
 .text._ZNSt5dequeIcSaIcEE8pop_backEv
                0x0000000000004024       0x61 src/parse_tree.o
                0x0000000000004024                std::deque<char, std::allocator<char> >::pop_back()
 *fill*         0x0000000000004085        0x1 
 .text._ZNSt5dequeIP5tnodeSaIS1_EE4backEv
                0x0000000000004086       0x60 src/parse_tree.o
                0x0000000000004086                std::deque<tnode*, std::allocator<tnode*> >::back()
 .text._ZNSt5dequeIP5tnodeSaIS1_EE8pop_backEv
                0x00000000000040e6       0x61 src/parse_tree.o
                0x00000000000040e6                std::deque<tnode*, std::allocator<tnode*> >::pop_back()
 *fill*         0x0000000000004147        0x1 
 .text._ZNSt5dequeIcSaIcEE9push_backERKc
                0x0000000000004148       0x74 src/parse_tree.o
                0x0000000000004148                std::deque<char, std::allocator<char> >::push_back(char const&)
 .text._ZNSt5dequeIP5tnodeSaIS1_EEC2Ev
                0x00000000000041bc       0x1f src/parse_tree.o
                0x00000000000041bc                std::deque<tnode*, std::allocator<tnode*> >::deque()
                0x00000000000041bc                std::deque<tnode*, std::allocator<tnode*> >::deque()
 *fill*         0x00000000000041db        0x1 
 .text._ZNSt11_Deque_baseIP5tnodeSaIS1_EE11_Deque_implD2Ev
                0x00000000000041dc       0x1f src/parse_tree.o
                0x00000000000041dc                std::_Deque_base<tnode*, std::allocator<tnode*> >::_Deque_impl::~_Deque_impl()
                0x00000000000041dc                std::_Deque_base<tnode*, std::allocator<tnode*> >::_Deque_impl::~_Deque_impl()
 *fill*         0x00000000000041fb        0x1 
 .text._ZNSt11_Deque_baseIP5tnodeSaIS1_EED2Ev
                0x00000000000041fc       0x6c src/parse_tree.o
                0x00000000000041fc                std::_Deque_base<tnode*, std::allocator<tnode*> >::~_Deque_base()
                0x00000000000041fc                std::_Deque_base<tnode*, std::allocator<tnode*> >::~_Deque_base()
 .text._ZNSt5dequeIP5tnodeSaIS1_EE5beginEv
                0x0000000000004268       0x31 src/parse_tree.o
                0x0000000000004268                std::deque<tnode*, std::allocator<tnode*> >::begin()
 *fill*         0x0000000000004299        0x1 
 .text._ZNSt5dequeIP5tnodeSaIS1_EE3endEv
                0x000000000000429a       0x31 src/parse_tree.o
                0x000000000000429a                std::deque<tnode*, std::allocator<tnode*> >::end()
 *fill*         0x00000000000042cb        0x1 
 .text._ZNSt11_Deque_baseIP5tnodeSaIS1_EE19_M_get_Tp_allocatorEv
                0x00000000000042cc       0x12 src/parse_tree.o
                0x00000000000042cc                std::_Deque_base<tnode*, std::allocator<tnode*> >::_M_get_Tp_allocator()
 .text._ZNSt15_Deque_iteratorIP5tnodeRS1_PS1_EC2ERKS4_
                0x00000000000042de       0x51 src/parse_tree.o
                0x00000000000042de                std::_Deque_iterator<tnode*, tnode*&, tnode**>::_Deque_iterator(std::_Deque_iterator<tnode*, tnode*&, tnode**> const&)
                0x00000000000042de                std::_Deque_iterator<tnode*, tnode*&, tnode**>::_Deque_iterator(std::_Deque_iterator<tnode*, tnode*&, tnode**> const&)
 *fill*         0x000000000000432f        0x1 
 .text._ZNSt5dequeIP5tnodeSaIS1_EE15_M_destroy_dataESt15_Deque_iteratorIS1_RS1_PS1_ES7_RKS2_
                0x0000000000004330       0x42 src/parse_tree.o
                0x0000000000004330                std::deque<tnode*, std::allocator<tnode*> >::_M_destroy_data(std::_Deque_iterator<tnode*, tnode*&, tnode**>, std::_Deque_iterator<tnode*, tnode*&, tnode**>, std::allocator<tnode*> const&)
 .text._ZNSt5dequeIcSaIcEEC2Ev
                0x0000000000004372       0x1f src/parse_tree.o
                0x0000000000004372                std::deque<char, std::allocator<char> >::deque()
                0x0000000000004372                std::deque<char, std::allocator<char> >::deque()
 *fill*         0x0000000000004391        0x1 
 .text._ZNSt11_Deque_baseIcSaIcEE11_Deque_implD2Ev
                0x0000000000004392       0x1f src/parse_tree.o
                0x0000000000004392                std::_Deque_base<char, std::allocator<char> >::_Deque_impl::~_Deque_impl()
                0x0000000000004392                std::_Deque_base<char, std::allocator<char> >::_Deque_impl::~_Deque_impl()
 *fill*         0x00000000000043b1        0x1 
 .text._ZNSt11_Deque_baseIcSaIcEED2Ev
                0x00000000000043b2       0x6c src/parse_tree.o
                0x00000000000043b2                std::_Deque_base<char, std::allocator<char> >::~_Deque_base()
                0x00000000000043b2                std::_Deque_base<char, std::allocator<char> >::~_Deque_base()
 .text._ZNSt5dequeIcSaIcEE5beginEv
                0x000000000000441e       0x31 src/parse_tree.o
                0x000000000000441e                std::deque<char, std::allocator<char> >::begin()
 *fill*         0x000000000000444f        0x1 
 .text._ZNSt5dequeIcSaIcEE3endEv
                0x0000000000004450       0x31 src/parse_tree.o
                0x0000000000004450                std::deque<char, std::allocator<char> >::end()
 *fill*         0x0000000000004481        0x1 
 .text._ZNSt11_Deque_baseIcSaIcEE19_M_get_Tp_allocatorEv
                0x0000000000004482       0x12 src/parse_tree.o
                0x0000000000004482                std::_Deque_base<char, std::allocator<char> >::_M_get_Tp_allocator()
 .text._ZNSt15_Deque_iteratorIcRcPcEC2ERKS2_
                0x0000000000004494       0x51 src/parse_tree.o
                0x0000000000004494                std::_Deque_iterator<char, char&, char*>::_Deque_iterator(std::_Deque_iterator<char, char&, char*> const&)
                0x0000000000004494                std::_Deque_iterator<char, char&, char*>::_Deque_iterator(std::_Deque_iterator<char, char&, char*> const&)
 *fill*         0x00000000000044e5        0x1 
 .text._ZNSt5dequeIcSaIcEE15_M_destroy_dataESt15_Deque_iteratorIcRcPcES5_RKS0_
                0x00000000000044e6       0x42 src/parse_tree.o
                0x00000000000044e6                std::deque<char, std::allocator<char> >::_M_destroy_data(std::_Deque_iterator<char, char&, char*>, std::_Deque_iterator<char, char&, char*>, std::allocator<char> const&)
 .text._ZNKSt5dequeIP5tnodeSaIS1_EE5emptyEv
                0x0000000000004528       0x2d src/parse_tree.o
                0x0000000000004528                std::deque<tnode*, std::allocator<tnode*> >::empty() const
 .text._ZNSt16allocator_traitsISaIP5tnodeEE9constructIS1_JRKS1_EEEvRS2_PT_DpOT0_
                0x0000000000004555       0x3d src/parse_tree.o
                0x0000000000004555                void std::allocator_traits<std::allocator<tnode*> >::construct<tnode*, tnode* const&>(std::allocator<tnode*>&, tnode**, tnode* const&)
 .text._ZNSt5dequeIP5tnodeSaIS1_EE16_M_push_back_auxIJRKS1_EEEvDpOT_
                0x0000000000004592       0xcf src/parse_tree.o
                0x0000000000004592                void std::deque<tnode*, std::allocator<tnode*> >::_M_push_back_aux<tnode* const&>(tnode* const&)
 .text._ZSteqIcRcPcEbRKSt15_Deque_iteratorIT_T0_T1_ES8_
                0x0000000000004661       0x26 src/parse_tree.o
                0x0000000000004661                bool std::operator==<char, char&, char*>(std::_Deque_iterator<char, char&, char*> const&, std::_Deque_iterator<char, char&, char*> const&)
 *fill*         0x0000000000004687        0x1 
 .text._ZNSt15_Deque_iteratorIcRcPcEmmEv
                0x0000000000004688       0x66 src/parse_tree.o
                0x0000000000004688                std::_Deque_iterator<char, char&, char*>::operator--()
 .text._ZNKSt15_Deque_iteratorIcRcPcEdeEv
                0x00000000000046ee       0x15 src/parse_tree.o
                0x00000000000046ee                std::_Deque_iterator<char, char&, char*>::operator*() const
 .text._ZNSt16allocator_traitsISaIcEE7destroyIcEEvRS0_PT_
                0x0000000000004703       0x2a src/parse_tree.o
                0x0000000000004703                void std::allocator_traits<std::allocator<char> >::destroy<char>(std::allocator<char>&, char*)
 *fill*         0x000000000000472d        0x1 
 .text._ZNSt5dequeIcSaIcEE15_M_pop_back_auxEv
                0x000000000000472e       0x82 src/parse_tree.o
                0x000000000000472e                std::deque<char, std::allocator<char> >::_M_pop_back_aux()
 .text._ZNSt15_Deque_iteratorIP5tnodeRS1_PS1_EmmEv
                0x00000000000047b0       0x66 src/parse_tree.o
                0x00000000000047b0                std::_Deque_iterator<tnode*, tnode*&, tnode**>::operator--()
 .text._ZNKSt15_Deque_iteratorIP5tnodeRS1_PS1_EdeEv
                0x0000000000004816       0x15 src/parse_tree.o
                0x0000000000004816                std::_Deque_iterator<tnode*, tnode*&, tnode**>::operator*() const
 .text._ZNSt16allocator_traitsISaIP5tnodeEE7destroyIS1_EEvRS2_PT_
                0x000000000000482b       0x2a src/parse_tree.o
                0x000000000000482b                void std::allocator_traits<std::allocator<tnode*> >::destroy<tnode*>(std::allocator<tnode*>&, tnode**)
 *fill*         0x0000000000004855        0x1 
 .text._ZNSt5dequeIP5tnodeSaIS1_EE15_M_pop_back_auxEv
                0x0000000000004856       0x82 src/parse_tree.o
                0x0000000000004856                std::deque<tnode*, std::allocator<tnode*> >::_M_pop_back_aux()
 .text._ZNSt16allocator_traitsISaIcEE9constructIcJRKcEEEvRS0_PT_DpOT0_
                0x00000000000048d8       0x3d src/parse_tree.o
                0x00000000000048d8                void std::allocator_traits<std::allocator<char> >::construct<char, char const&>(std::allocator<char>&, char*, char const&)
 *fill*         0x0000000000004915        0x1 
 .text._ZNSt5dequeIcSaIcEE16_M_push_back_auxIJRKcEEEvDpOT_
                0x0000000000004916       0xcf src/parse_tree.o
                0x0000000000004916                void std::deque<char, std::allocator<char> >::_M_push_back_aux<char const&>(char const&)
 *fill*         0x00000000000049e5        0x1 
 .text._ZNSt11_Deque_baseIP5tnodeSaIS1_EEC2Ev
                0x00000000000049e6       0x55 src/parse_tree.o
                0x00000000000049e6                std::_Deque_base<tnode*, std::allocator<tnode*> >::_Deque_base()
                0x00000000000049e6                std::_Deque_base<tnode*, std::allocator<tnode*> >::_Deque_base()
 *fill*         0x0000000000004a3b        0x1 
 .text._ZNSaIP5tnodeED2Ev
                0x0000000000004a3c       0x1f src/parse_tree.o
                0x0000000000004a3c                std::allocator<tnode*>::~allocator()
                0x0000000000004a3c                std::allocator<tnode*>::~allocator()
 *fill*         0x0000000000004a5b        0x1 
 .text._ZNSt11_Deque_baseIP5tnodeSaIS1_EE16_M_destroy_nodesEPPS1_S5_
                0x0000000000004a5c       0x4a src/parse_tree.o
                0x0000000000004a5c                std::_Deque_base<tnode*, std::allocator<tnode*> >::_M_destroy_nodes(tnode***, tnode***)
 .text._ZNSt11_Deque_baseIP5tnodeSaIS1_EE17_M_deallocate_mapEPPS1_m
                0x0000000000004aa6       0x74 src/parse_tree.o
                0x0000000000004aa6                std::_Deque_base<tnode*, std::allocator<tnode*> >::_M_deallocate_map(tnode***, unsigned long)
 .text._ZNSt11_Deque_baseIcSaIcEEC2Ev
                0x0000000000004b1a       0x55 src/parse_tree.o
                0x0000000000004b1a                std::_Deque_base<char, std::allocator<char> >::_Deque_base()
                0x0000000000004b1a                std::_Deque_base<char, std::allocator<char> >::_Deque_base()
 *fill*         0x0000000000004b6f        0x1 
 .text._ZNSt11_Deque_baseIcSaIcEE16_M_destroy_nodesEPPcS3_
                0x0000000000004b70       0x4a src/parse_tree.o
                0x0000000000004b70                std::_Deque_base<char, std::allocator<char> >::_M_destroy_nodes(char**, char**)
 .text._ZNSt11_Deque_baseIcSaIcEE17_M_deallocate_mapEPPcm
                0x0000000000004bba       0x74 src/parse_tree.o
                0x0000000000004bba                std::_Deque_base<char, std::allocator<char> >::_M_deallocate_map(char**, unsigned long)
 .text._ZSteqIP5tnodeRS1_PS1_EbRKSt15_Deque_iteratorIT_T0_T1_ESA_
                0x0000000000004c2e       0x26 src/parse_tree.o
                0x0000000000004c2e                bool std::operator==<tnode*, tnode*&, tnode**>(std::_Deque_iterator<tnode*, tnode*&, tnode**> const&, std::_Deque_iterator<tnode*, tnode*&, tnode**> const&)
 .text._ZNSt16allocator_traitsISaIcEE10deallocateERS0_Pcm
                0x0000000000004c54       0x32 src/parse_tree.o
                0x0000000000004c54                std::allocator_traits<std::allocator<char> >::deallocate(std::allocator<char>&, char*, unsigned long)
 .text._ZSt7forwardIRKP5tnodeEOT_RNSt16remove_referenceIS4_E4typeE
                0x0000000000004c86       0x12 src/parse_tree.o
                0x0000000000004c86                tnode* const& std::forward<tnode* const&>(std::remove_reference<tnode* const&>::type&)
 .text._ZN9__gnu_cxx13new_allocatorIP5tnodeE9constructIS2_JRKS2_EEEvPT_DpOT0_
                0x0000000000004c98       0x44 src/parse_tree.o
                0x0000000000004c98                void __gnu_cxx::new_allocator<tnode*>::construct<tnode*, tnode* const&>(tnode**, tnode* const&)
 .text._ZNKSt5dequeIP5tnodeSaIS1_EE4sizeEv
                0x0000000000004cdc       0x2d src/parse_tree.o
                0x0000000000004cdc                std::deque<tnode*, std::allocator<tnode*> >::size() const
 *fill*         0x0000000000004d09        0x1 
 .text._ZNKSt5dequeIP5tnodeSaIS1_EE8max_sizeEv
                0x0000000000004d0a       0x26 src/parse_tree.o
                0x0000000000004d0a                std::deque<tnode*, std::allocator<tnode*> >::max_size() const
 .text._ZNSt5dequeIP5tnodeSaIS1_EE22_M_reserve_map_at_backEm
                0x0000000000004d30       0x63 src/parse_tree.o
                0x0000000000004d30                std::deque<tnode*, std::allocator<tnode*> >::_M_reserve_map_at_back(unsigned long)
 *fill*         0x0000000000004d93        0x1 
 .text._ZNSt11_Deque_baseIP5tnodeSaIS1_EE16_M_allocate_nodeEv
                0x0000000000004d94       0x2e src/parse_tree.o
                0x0000000000004d94                std::_Deque_base<tnode*, std::allocator<tnode*> >::_M_allocate_node()
 .text._ZNSt15_Deque_iteratorIP5tnodeRS1_PS1_E11_M_set_nodeEPS3_
                0x0000000000004dc2       0x55 src/parse_tree.o
                0x0000000000004dc2                std::_Deque_iterator<tnode*, tnode*&, tnode**>::_M_set_node(tnode***)
 *fill*         0x0000000000004e17        0x1 
 .text._ZNSt11_Deque_baseIP5tnodeSaIS1_EE18_M_deallocate_nodeEPS1_
                0x0000000000004e18       0x37 src/parse_tree.o
                0x0000000000004e18                std::_Deque_base<tnode*, std::allocator<tnode*> >::_M_deallocate_node(tnode**)
 *fill*         0x0000000000004e4f        0x1 
 .text._ZNSt15_Deque_iteratorIcRcPcE11_M_set_nodeEPS1_
                0x0000000000004e50       0x51 src/parse_tree.o
                0x0000000000004e50                std::_Deque_iterator<char, char&, char*>::_M_set_node(char**)
 *fill*         0x0000000000004ea1        0x1 
 .text._ZN9__gnu_cxx13new_allocatorIcE7destroyIcEEvPT_
                0x0000000000004ea2       0x13 src/parse_tree.o
                0x0000000000004ea2                void __gnu_cxx::new_allocator<char>::destroy<char>(char*)
 *fill*         0x0000000000004eb5        0x1 
 .text._ZNSt11_Deque_baseIcSaIcEE18_M_deallocate_nodeEPc
                0x0000000000004eb6       0x37 src/parse_tree.o
                0x0000000000004eb6                std::_Deque_base<char, std::allocator<char> >::_M_deallocate_node(char*)
 *fill*         0x0000000000004eed        0x1 
 .text._ZN9__gnu_cxx13new_allocatorIP5tnodeE7destroyIS2_EEvPT_
                0x0000000000004eee       0x13 src/parse_tree.o
                0x0000000000004eee                void __gnu_cxx::new_allocator<tnode*>::destroy<tnode*>(tnode**)
 .text._ZSt7forwardIRKcEOT_RNSt16remove_referenceIS2_E4typeE
                0x0000000000004f01       0x12 src/parse_tree.o
                0x0000000000004f01                char const& std::forward<char const&>(std::remove_reference<char const&>::type&)
 *fill*         0x0000000000004f13        0x1 
 .text._ZN9__gnu_cxx13new_allocatorIcE9constructIcJRKcEEEvPT_DpOT0_
                0x0000000000004f14       0x43 src/parse_tree.o
                0x0000000000004f14                void __gnu_cxx::new_allocator<char>::construct<char, char const&>(char*, char const&)
 *fill*         0x0000000000004f57        0x1 
 .text._ZNKSt5dequeIcSaIcEE4sizeEv
                0x0000000000004f58       0x2d src/parse_tree.o
                0x0000000000004f58                std::deque<char, std::allocator<char> >::size() const
 *fill*         0x0000000000004f85        0x1 
 .text._ZNKSt5dequeIcSaIcEE8max_sizeEv
                0x0000000000004f86       0x26 src/parse_tree.o
                0x0000000000004f86                std::deque<char, std::allocator<char> >::max_size() const
 .text._ZNSt5dequeIcSaIcEE22_M_reserve_map_at_backEm
                0x0000000000004fac       0x63 src/parse_tree.o
                0x0000000000004fac                std::deque<char, std::allocator<char> >::_M_reserve_map_at_back(unsigned long)
 *fill*         0x000000000000500f        0x1 
 .text._ZNSt11_Deque_baseIcSaIcEE16_M_allocate_nodeEv
                0x0000000000005010       0x2e src/parse_tree.o
                0x0000000000005010                std::_Deque_base<char, std::allocator<char> >::_M_allocate_node()
 .text._ZNSt11_Deque_baseIP5tnodeSaIS1_EE11_Deque_implC2Ev
                0x000000000000503e       0x56 src/parse_tree.o
                0x000000000000503e                std::_Deque_base<tnode*, std::allocator<tnode*> >::_Deque_impl::_Deque_impl()
                0x000000000000503e                std::_Deque_base<tnode*, std::allocator<tnode*> >::_Deque_impl::_Deque_impl()
 .text._ZNSt11_Deque_baseIP5tnodeSaIS1_EE17_M_initialize_mapEm
                0x0000000000005094      0x1d8 src/parse_tree.o
                0x0000000000005094                std::_Deque_base<tnode*, std::allocator<tnode*> >::_M_initialize_map(unsigned long)
 .text._ZN9__gnu_cxx13new_allocatorIP5tnodeED2Ev
                0x000000000000526c        0xf src/parse_tree.o
                0x000000000000526c                __gnu_cxx::new_allocator<tnode*>::~new_allocator()
                0x000000000000526c                __gnu_cxx::new_allocator<tnode*>::~new_allocator()
 *fill*         0x000000000000527b        0x1 
 .text._ZNKSt11_Deque_baseIP5tnodeSaIS1_EE20_M_get_map_allocatorEv
                0x000000000000527c       0x38 src/parse_tree.o
                0x000000000000527c                std::_Deque_base<tnode*, std::allocator<tnode*> >::_M_get_map_allocator() const
 .text._ZNSaIPP5tnodeED2Ev
                0x00000000000052b4       0x1f src/parse_tree.o
                0x00000000000052b4                std::allocator<tnode**>::~allocator()
                0x00000000000052b4                std::allocator<tnode**>::~allocator()
 .text._ZNSt16allocator_traitsISaIPP5tnodeEE10deallocateERS3_PS2_m
                0x00000000000052d3       0x32 src/parse_tree.o
                0x00000000000052d3                std::allocator_traits<std::allocator<tnode**> >::deallocate(std::allocator<tnode**>&, tnode***, unsigned long)
 *fill*         0x0000000000005305        0x1 
 .text._ZNSt11_Deque_baseIcSaIcEE11_Deque_implC2Ev
                0x0000000000005306       0x56 src/parse_tree.o
                0x0000000000005306                std::_Deque_base<char, std::allocator<char> >::_Deque_impl::_Deque_impl()
                0x0000000000005306                std::_Deque_base<char, std::allocator<char> >::_Deque_impl::_Deque_impl()
 .text._ZNSt11_Deque_baseIcSaIcEE17_M_initialize_mapEm
                0x000000000000535c      0x1d4 src/parse_tree.o
                0x000000000000535c                std::_Deque_base<char, std::allocator<char> >::_M_initialize_map(unsigned long)
 .text._ZNKSt11_Deque_baseIcSaIcEE20_M_get_map_allocatorEv
                0x0000000000005530       0x38 src/parse_tree.o
                0x0000000000005530                std::_Deque_base<char, std::allocator<char> >::_M_get_map_allocator() const
 .text._ZNSaIPcED2Ev
                0x0000000000005568       0x1f src/parse_tree.o
                0x0000000000005568                std::allocator<char*>::~allocator()
                0x0000000000005568                std::allocator<char*>::~allocator()
 .text._ZNSt16allocator_traitsISaIPcEE10deallocateERS1_PS0_m
                0x0000000000005587       0x32 src/parse_tree.o
                0x0000000000005587                std::allocator_traits<std::allocator<char*> >::deallocate(std::allocator<char*>&, char**, unsigned long)
 *fill*         0x00000000000055b9        0x1 
 .text._ZN9__gnu_cxx13new_allocatorIcE10deallocateEPcm
                0x00000000000055ba       0x27 src/parse_tree.o
                0x00000000000055ba                __gnu_cxx::new_allocator<char>::deallocate(char*, unsigned long)
 .text._ZNSt16allocator_traitsISaIcEE8max_sizeERKS0_
                0x00000000000055e1       0x1e src/parse_tree.o
                0x00000000000055e1                std::allocator_traits<std::allocator<char> >::max_size(std::allocator<char> const&)
 .text._ZStmiIP5tnodeRS1_PS1_ENSt15_Deque_iteratorIT_T0_T1_E15difference_typeERKS8_SB_
                0x00000000000055ff       0x7c src/parse_tree.o
                0x00000000000055ff                std::_Deque_iterator<tnode*, tnode*&, tnode**>::difference_type std::operator-<tnode*, tnode*&, tnode**>(std::_Deque_iterator<tnode*, tnode*&, tnode**> const&, std::_Deque_iterator<tnode*, tnode*&, tnode**> const&)
 .text._ZNSt5dequeIP5tnodeSaIS1_EE11_S_max_sizeERKS2_
                0x000000000000567b       0x69 src/parse_tree.o
                0x000000000000567b                std::deque<tnode*, std::allocator<tnode*> >::_S_max_size(std::allocator<tnode*> const&)
 .text._ZNKSt11_Deque_baseIP5tnodeSaIS1_EE19_M_get_Tp_allocatorEv
                0x00000000000056e4       0x12 src/parse_tree.o
                0x00000000000056e4                std::_Deque_base<tnode*, std::allocator<tnode*> >::_M_get_Tp_allocator() const
 .text._ZNSt5dequeIP5tnodeSaIS1_EE17_M_reallocate_mapEmb
                0x00000000000056f6      0x224 src/parse_tree.o
                0x00000000000056f6                std::deque<tnode*, std::allocator<tnode*> >::_M_reallocate_map(unsigned long, bool)
 .text._ZNSt16allocator_traitsISaIP5tnodeEE8allocateERS2_m
                0x000000000000591a       0x2e src/parse_tree.o
                0x000000000000591a                std::allocator_traits<std::allocator<tnode*> >::allocate(std::allocator<tnode*>&, unsigned long)
 .text._ZNSt15_Deque_iteratorIP5tnodeRS1_PS1_E14_S_buffer_sizeEv
                0x0000000000005948       0x14 src/parse_tree.o
                0x0000000000005948                std::_Deque_iterator<tnode*, tnode*&, tnode**>::_S_buffer_size()
 .text._ZNSt16allocator_traitsISaIP5tnodeEE10deallocateERS2_PS1_m
                0x000000000000595c       0x32 src/parse_tree.o
                0x000000000000595c                std::allocator_traits<std::allocator<tnode*> >::deallocate(std::allocator<tnode*>&, tnode**, unsigned long)
 .text._ZNSt15_Deque_iteratorIcRcPcE14_S_buffer_sizeEv
                0x000000000000598e       0x14 src/parse_tree.o
                0x000000000000598e                std::_Deque_iterator<char, char&, char*>::_S_buffer_size()
 .text._ZStmiIcRcPcENSt15_Deque_iteratorIT_T0_T1_E15difference_typeERKS6_S9_
                0x00000000000059a2       0x74 src/parse_tree.o
                0x00000000000059a2                std::_Deque_iterator<char, char&, char*>::difference_type std::operator-<char, char&, char*>(std::_Deque_iterator<char, char&, char*> const&, std::_Deque_iterator<char, char&, char*> const&)
 .text._ZNSt5dequeIcSaIcEE11_S_max_sizeERKS0_
                0x0000000000005a16       0x69 src/parse_tree.o
                0x0000000000005a16                std::deque<char, std::allocator<char> >::_S_max_size(std::allocator<char> const&)
 *fill*         0x0000000000005a7f        0x1 
 .text._ZNKSt11_Deque_baseIcSaIcEE19_M_get_Tp_allocatorEv
                0x0000000000005a80       0x12 src/parse_tree.o
                0x0000000000005a80                std::_Deque_base<char, std::allocator<char> >::_M_get_Tp_allocator() const
 .text._ZNSt5dequeIcSaIcEE17_M_reallocate_mapEmb
                0x0000000000005a92      0x224 src/parse_tree.o
                0x0000000000005a92                std::deque<char, std::allocator<char> >::_M_reallocate_map(unsigned long, bool)
 .text._ZNSt16allocator_traitsISaIcEE8allocateERS0_m
                0x0000000000005cb6       0x2e src/parse_tree.o
                0x0000000000005cb6                std::allocator_traits<std::allocator<char> >::allocate(std::allocator<char>&, unsigned long)
 .text._ZNSaIP5tnodeEC2Ev
                0x0000000000005ce4       0x1f src/parse_tree.o
                0x0000000000005ce4                std::allocator<tnode*>::allocator()
                0x0000000000005ce4                std::allocator<tnode*>::allocator()
 *fill*         0x0000000000005d03        0x1 
 .text._ZNSt15_Deque_iteratorIP5tnodeRS1_PS1_EC2Ev
                0x0000000000005d04       0x3e src/parse_tree.o
                0x0000000000005d04                std::_Deque_iterator<tnode*, tnode*&, tnode**>::_Deque_iterator()
                0x0000000000005d04                std::_Deque_iterator<tnode*, tnode*&, tnode**>::_Deque_iterator()
 .text._ZSt3maxImERKT_S2_S2_
                0x0000000000005d42       0x2f src/parse_tree.o
                0x0000000000005d42                unsigned long const& std::max<unsigned long>(unsigned long const&, unsigned long const&)
 *fill*         0x0000000000005d71        0x1 
 .text._ZNSt11_Deque_baseIP5tnodeSaIS1_EE15_M_allocate_mapEm
                0x0000000000005d72       0x98 src/parse_tree.o
                0x0000000000005d72                std::_Deque_base<tnode*, std::allocator<tnode*> >::_M_allocate_map(unsigned long)
 .text._ZNSt11_Deque_baseIP5tnodeSaIS1_EE15_M_create_nodesEPPS1_S5_
                0x0000000000005e0a       0x8c src/parse_tree.o
                0x0000000000005e0a                std::_Deque_base<tnode*, std::allocator<tnode*> >::_M_create_nodes(tnode***, tnode***)
 .text._ZNSaIPP5tnodeEC2IS0_EERKSaIT_E
                0x0000000000005e96       0x23 src/parse_tree.o
                0x0000000000005e96                std::allocator<tnode**>::allocator<tnode*>(std::allocator<tnode*> const&)
                0x0000000000005e96                std::allocator<tnode**>::allocator<tnode*>(std::allocator<tnode*> const&)
 *fill*         0x0000000000005eb9        0x1 
 .text._ZN9__gnu_cxx13new_allocatorIPP5tnodeED2Ev
                0x0000000000005eba        0xf src/parse_tree.o
                0x0000000000005eba                __gnu_cxx::new_allocator<tnode**>::~new_allocator()
                0x0000000000005eba                __gnu_cxx::new_allocator<tnode**>::~new_allocator()
 *fill*         0x0000000000005ec9        0x1 
 .text._ZN9__gnu_cxx13new_allocatorIPP5tnodeE10deallocateEPS3_m
                0x0000000000005eca       0x27 src/parse_tree.o
                0x0000000000005eca                __gnu_cxx::new_allocator<tnode**>::deallocate(tnode***, unsigned long)
 *fill*         0x0000000000005ef1        0x1 
 .text._ZNSt15_Deque_iteratorIcRcPcEC2Ev
                0x0000000000005ef2       0x3e src/parse_tree.o
                0x0000000000005ef2                std::_Deque_iterator<char, char&, char*>::_Deque_iterator()
                0x0000000000005ef2                std::_Deque_iterator<char, char&, char*>::_Deque_iterator()
 .text._ZNSt11_Deque_baseIcSaIcEE15_M_allocate_mapEm
                0x0000000000005f30       0x98 src/parse_tree.o
                0x0000000000005f30                std::_Deque_base<char, std::allocator<char> >::_M_allocate_map(unsigned long)
 .text._ZNSt11_Deque_baseIcSaIcEE15_M_create_nodesEPPcS3_
                0x0000000000005fc8       0x8c src/parse_tree.o
                0x0000000000005fc8                std::_Deque_base<char, std::allocator<char> >::_M_create_nodes(char**, char**)
 .text._ZNSaIPcEC2IcEERKSaIT_E
                0x0000000000006054       0x23 src/parse_tree.o
                0x0000000000006054                std::allocator<char*>::allocator<char>(std::allocator<char> const&)
                0x0000000000006054                std::allocator<char*>::allocator<char>(std::allocator<char> const&)
 *fill*         0x0000000000006077        0x1 
 .text._ZN9__gnu_cxx13new_allocatorIPcED2Ev
                0x0000000000006078        0xf src/parse_tree.o
                0x0000000000006078                __gnu_cxx::new_allocator<char*>::~new_allocator()
                0x0000000000006078                __gnu_cxx::new_allocator<char*>::~new_allocator()
 *fill*         0x0000000000006087        0x1 
 .text._ZN9__gnu_cxx13new_allocatorIPcE10deallocateEPS1_m
                0x0000000000006088       0x27 src/parse_tree.o
                0x0000000000006088                __gnu_cxx::new_allocator<char*>::deallocate(char**, unsigned long)
 *fill*         0x00000000000060af        0x1 
 .text._ZNK9__gnu_cxx13new_allocatorIcE8max_sizeEv
                0x00000000000060b0       0x18 src/parse_tree.o
                0x00000000000060b0                __gnu_cxx::new_allocator<char>::max_size() const
 .text._ZNSt16allocator_traitsISaIP5tnodeEE8max_sizeERKS2_
                0x00000000000060c8       0x1e src/parse_tree.o
                0x00000000000060c8                std::allocator_traits<std::allocator<tnode*> >::max_size(std::allocator<tnode*> const&)
 .text._ZSt3minImERKT_S2_S2_
                0x00000000000060e6       0x2f src/parse_tree.o
                0x00000000000060e6                unsigned long const& std::min<unsigned long>(unsigned long const&, unsigned long const&)
 .text._ZSt4copyIPPP5tnodeS3_ET0_T_S5_S4_
                0x0000000000006115       0x50 src/parse_tree.o
                0x0000000000006115                tnode*** std::copy<tnode***, tnode***>(tnode***, tnode***, tnode***)
 .text._ZSt13copy_backwardIPPP5tnodeS3_ET0_T_S5_S4_
                0x0000000000006165       0x50 src/parse_tree.o
                0x0000000000006165                tnode*** std::copy_backward<tnode***, tnode***>(tnode***, tnode***, tnode***)
 *fill*         0x00000000000061b5        0x1 
 .text._ZN9__gnu_cxx13new_allocatorIP5tnodeE8allocateEmPKv
                0x00000000000061b6       0x46 src/parse_tree.o
                0x00000000000061b6                __gnu_cxx::new_allocator<tnode*>::allocate(unsigned long, void const*)
 .text._ZN9__gnu_cxx13new_allocatorIP5tnodeE10deallocateEPS2_m
                0x00000000000061fc       0x27 src/parse_tree.o
                0x00000000000061fc                __gnu_cxx::new_allocator<tnode*>::deallocate(tnode**, unsigned long)
 .text._ZSt4copyIPPcS1_ET0_T_S3_S2_
                0x0000000000006223       0x50 src/parse_tree.o
                0x0000000000006223                char** std::copy<char**, char**>(char**, char**, char**)
 .text._ZSt13copy_backwardIPPcS1_ET0_T_S3_S2_
                0x0000000000006273       0x50 src/parse_tree.o
                0x0000000000006273                char** std::copy_backward<char**, char**>(char**, char**, char**)
 *fill*         0x00000000000062c3        0x1 
 .text._ZN9__gnu_cxx13new_allocatorIcE8allocateEmPKv
                0x00000000000062c4       0x42 src/parse_tree.o
                0x00000000000062c4                __gnu_cxx::new_allocator<char>::allocate(unsigned long, void const*)
 .text._ZN9__gnu_cxx13new_allocatorIP5tnodeEC2Ev
                0x0000000000006306        0xf src/parse_tree.o
                0x0000000000006306                __gnu_cxx::new_allocator<tnode*>::new_allocator()
                0x0000000000006306                __gnu_cxx::new_allocator<tnode*>::new_allocator()
 .text._ZNSt16allocator_traitsISaIPP5tnodeEE8allocateERS3_m
                0x0000000000006315       0x2e src/parse_tree.o
                0x0000000000006315                std::allocator_traits<std::allocator<tnode**> >::allocate(std::allocator<tnode**>&, unsigned long)
 *fill*         0x0000000000006343        0x1 
 .text._ZN9__gnu_cxx13new_allocatorIPP5tnodeEC2Ev
                0x0000000000006344        0xf src/parse_tree.o
                0x0000000000006344                __gnu_cxx::new_allocator<tnode**>::new_allocator()
                0x0000000000006344                __gnu_cxx::new_allocator<tnode**>::new_allocator()
 .text._ZNSt16allocator_traitsISaIPcEE8allocateERS1_m
                0x0000000000006353       0x2e src/parse_tree.o
                0x0000000000006353                std::allocator_traits<std::allocator<char*> >::allocate(std::allocator<char*>&, unsigned long)
 *fill*         0x0000000000006381        0x1 
 .text._ZN9__gnu_cxx13new_allocatorIPcEC2Ev
                0x0000000000006382        0xf src/parse_tree.o
                0x0000000000006382                __gnu_cxx::new_allocator<char*>::new_allocator()
                0x0000000000006382                __gnu_cxx::new_allocator<char*>::new_allocator()
 *fill*         0x0000000000006391        0x1 
 .text._ZNK9__gnu_cxx13new_allocatorIP5tnodeE8max_sizeEv
                0x0000000000006392       0x18 src/parse_tree.o
                0x0000000000006392                __gnu_cxx::new_allocator<tnode*>::max_size() const
 .text._ZSt12__miter_baseIPPP5tnodeET_S4_
                0x00000000000063aa       0x12 src/parse_tree.o
                0x00000000000063aa                tnode*** std::__miter_base<tnode***>(tnode***)
 .text._ZSt14__copy_move_a2ILb0EPPP5tnodeS3_ET1_T0_S5_S4_
                0x00000000000063bc       0x6e src/parse_tree.o
                0x00000000000063bc                tnode*** std::__copy_move_a2<false, tnode***, tnode***>(tnode***, tnode***, tnode***)
 .text._ZSt23__copy_move_backward_a2ILb0EPPP5tnodeS3_ET1_T0_S5_S4_
                0x000000000000642a       0x6e src/parse_tree.o
                0x000000000000642a                tnode*** std::__copy_move_backward_a2<false, tnode***, tnode***>(tnode***, tnode***, tnode***)
 .text._ZSt12__miter_baseIPPcET_S2_
                0x0000000000006498       0x12 src/parse_tree.o
                0x0000000000006498                char** std::__miter_base<char**>(char**)
 .text._ZSt14__copy_move_a2ILb0EPPcS1_ET1_T0_S3_S2_
                0x00000000000064aa       0x6e src/parse_tree.o
                0x00000000000064aa                char** std::__copy_move_a2<false, char**, char**>(char**, char**, char**)
 .text._ZSt23__copy_move_backward_a2ILb0EPPcS1_ET1_T0_S3_S2_
                0x0000000000006518       0x6e src/parse_tree.o
                0x0000000000006518                char** std::__copy_move_backward_a2<false, char**, char**>(char**, char**, char**)
 .text._ZN9__gnu_cxx13new_allocatorIPP5tnodeE8allocateEmPKv
                0x0000000000006586       0x46 src/parse_tree.o
                0x0000000000006586                __gnu_cxx::new_allocator<tnode**>::allocate(unsigned long, void const*)
 .text._ZN9__gnu_cxx13new_allocatorIPcE8allocateEmPKv
                0x00000000000065cc       0x46 src/parse_tree.o
                0x00000000000065cc                __gnu_cxx::new_allocator<char*>::allocate(unsigned long, void const*)
 .text._ZSt12__niter_baseIPPP5tnodeET_S4_
                0x0000000000006612       0x12 src/parse_tree.o
                0x0000000000006612                tnode*** std::__niter_base<tnode***>(tnode***)
 .text._ZSt13__copy_move_aILb0EPPP5tnodeS3_ET1_T0_S5_S4_
                0x0000000000006624       0x35 src/parse_tree.o
                0x0000000000006624                tnode*** std::__copy_move_a<false, tnode***, tnode***>(tnode***, tnode***, tnode***)
 .text._ZSt12__niter_wrapIPPP5tnodeET_RKS4_S4_
                0x0000000000006659       0x16 src/parse_tree.o
                0x0000000000006659                tnode*** std::__niter_wrap<tnode***>(tnode*** const&, tnode***)
 .text._ZSt22__copy_move_backward_aILb0EPPP5tnodeS3_ET1_T0_S5_S4_
                0x000000000000666f       0x35 src/parse_tree.o
                0x000000000000666f                tnode*** std::__copy_move_backward_a<false, tnode***, tnode***>(tnode***, tnode***, tnode***)
 .text._ZSt12__niter_baseIPPcET_S2_
                0x00000000000066a4       0x12 src/parse_tree.o
                0x00000000000066a4                char** std::__niter_base<char**>(char**)
 .text._ZSt13__copy_move_aILb0EPPcS1_ET1_T0_S3_S2_
                0x00000000000066b6       0x35 src/parse_tree.o
                0x00000000000066b6                char** std::__copy_move_a<false, char**, char**>(char**, char**, char**)
 .text._ZSt12__niter_wrapIPPcET_RKS2_S2_
                0x00000000000066eb       0x16 src/parse_tree.o
                0x00000000000066eb                char** std::__niter_wrap<char**>(char** const&, char**)
 .text._ZSt22__copy_move_backward_aILb0EPPcS1_ET1_T0_S3_S2_
                0x0000000000006701       0x35 src/parse_tree.o
                0x0000000000006701                char** std::__copy_move_backward_a<false, char**, char**>(char**, char**, char**)
 .text._ZNK9__gnu_cxx13new_allocatorIPP5tnodeE8max_sizeEv
                0x0000000000006736       0x18 src/parse_tree.o
                0x0000000000006736                __gnu_cxx::new_allocator<tnode**>::max_size() const
 .text._ZNK9__gnu_cxx13new_allocatorIPcE8max_sizeEv
                0x000000000000674e       0x18 src/parse_tree.o
                0x000000000000674e                __gnu_cxx::new_allocator<char*>::max_size() const
 .text._ZNSt11__copy_moveILb0ELb1ESt26random_access_iterator_tagE8__copy_mIPP5tnodeEEPT_PKS6_S9_S7_
                0x0000000000006766       0x63 src/parse_tree.o
                0x0000000000006766                tnode*** std::__copy_move<false, true, std::random_access_iterator_tag>::__copy_m<tnode**>(tnode** const*, tnode** const*, tnode***)
 .text._ZNSt20__copy_move_backwardILb0ELb1ESt26random_access_iterator_tagE13__copy_move_bIPP5tnodeEEPT_PKS6_S9_S7_
                0x00000000000067c9       0x76 src/parse_tree.o
                0x00000000000067c9                tnode*** std::__copy_move_backward<false, true, std::random_access_iterator_tag>::__copy_move_b<tnode**>(tnode** const*, tnode** const*, tnode***)
 .text._ZNSt11__copy_moveILb0ELb1ESt26random_access_iterator_tagE8__copy_mIPcEEPT_PKS4_S7_S5_
                0x000000000000683f       0x63 src/parse_tree.o
                0x000000000000683f                char** std::__copy_move<false, true, std::random_access_iterator_tag>::__copy_m<char*>(char* const*, char* const*, char**)
 .text._ZNSt20__copy_move_backwardILb0ELb1ESt26random_access_iterator_tagE13__copy_move_bIPcEEPT_PKS4_S7_S5_
                0x00000000000068a2       0x76 src/parse_tree.o
                0x00000000000068a2                char** std::__copy_move_backward<false, true, std::random_access_iterator_tag>::__copy_move_b<char*>(char* const*, char* const*, char**)
 .text          0x0000000000006918       0xd9 src/tnode.o
                0x0000000000006918                tnode::tnode(std::__cxx11::basic_string<char, std::char_traits<char>, std::allocator<char> >)
                0x0000000000006918                tnode::tnode(std::__cxx11::basic_string<char, std::char_traits<char>, std::allocator<char> >)
                0x00000000000069c0                tnode::get_sym[abi:cxx11]()
 .text          0x00000000000069f1      0x192 src/main.o
                0x00000000000069f1                main
 *fill*         0x0000000000006b83        0xd 
 .text          0x0000000000006b90       0x75 /usr/lib/x86_64-linux-gnu/libc_nonshared.a(elf-init.oS)
                0x0000000000006b90                __libc_csu_init
                0x0000000000006c00                __libc_csu_fini
 .text          0x0000000000006c05        0x0 /usr/lib/gcc/x86_64-linux-gnu/9/crtendS.o
 .text          0x0000000000006c05        0x0 /usr/lib/gcc/x86_64-linux-gnu/9/../../../x86_64-linux-gnu/crtn.o
 *(.gnu.warning)

.fini           0x0000000000006c08        0xd
 *(SORT_NONE(.fini))
 .fini          0x0000000000006c08        0x8 /usr/lib/gcc/x86_64-linux-gnu/9/../../../x86_64-linux-gnu/crti.o
                0x0000000000006c08                _fini
 .fini          0x0000000000006c10        0x5 /usr/lib/gcc/x86_64-linux-gnu/9/../../../x86_64-linux-gnu/crtn.o
                [!provide]                        PROVIDE (__etext = .)
                [!provide]                        PROVIDE (_etext = .)
                [!provide]                        PROVIDE (etext = .)
                0x0000000000007000                . = ALIGN (CONSTANT (MAXPAGESIZE))
                0x0000000000007000                . = SEGMENT_START ("rodata-segment", (ALIGN (CONSTANT (MAXPAGESIZE)) + (. & (CONSTANT (MAXPAGESIZE) - 0x1))))

.rodata         0x0000000000007000       0x7d
 *(.rodata .rodata.* .gnu.linkonce.r.*)
 .rodata.cst4   0x0000000000007000        0x4 /usr/lib/gcc/x86_64-linux-gnu/9/../../../x86_64-linux-gnu/Scrt1.o
                0x0000000000007000                _IO_stdin_used
 *fill*         0x0000000000007004        0x4 
 .rodata        0x0000000000007008       0x68 src/parse_tree.o
 .rodata        0x0000000000007070        0x1 src/tnode.o
 .rodata        0x0000000000007071        0xc src/main.o

.rodata1
 *(.rodata1)

.eh_frame_hdr   0x0000000000007080      0x614
 *(.eh_frame_hdr)
 .eh_frame_hdr  0x0000000000007080      0x614 /usr/lib/gcc/x86_64-linux-gnu/9/../../../x86_64-linux-gnu/Scrt1.o
                0x0000000000007080                __GNU_EH_FRAME_HDR
 *(.eh_frame_entry .eh_frame_entry.*)

.eh_frame       0x0000000000007698     0x1968
 *(.eh_frame)
 .eh_frame      0x0000000000007698       0x30 /usr/lib/gcc/x86_64-linux-gnu/9/../../../x86_64-linux-gnu/Scrt1.o
                                         0x2c (size before relaxing)
 *fill*         0x00000000000076c8        0x0 
 .eh_frame      0x00000000000076c8       0x28 /usr/lib/gcc/x86_64-linux-gnu/9/../../../x86_64-linux-gnu/Scrt1.o
                                         0x40 (size before relaxing)
 .eh_frame      0x00000000000076f0       0x18 /usr/lib/gcc/x86_64-linux-gnu/9/../../../x86_64-linux-gnu/Scrt1.o
                                         0x30 (size before relaxing)
 .eh_frame      0x0000000000007708       0x18 /usr/lib/gcc/x86_64-linux-gnu/9/../../../x86_64-linux-gnu/Scrt1.o
                                         0x30 (size before relaxing)
 .eh_frame      0x0000000000007720     0x17d0 src/parse_tree.o
                                       0x17e8 (size before relaxing)
 .eh_frame      0x0000000000008ef0       0x48 src/tnode.o
                                         0x80 (size before relaxing)
 .eh_frame      0x0000000000008f38       0x68 src/main.o
                                         0xa0 (size before relaxing)
 .eh_frame      0x0000000000008fa0       0x5c /usr/lib/x86_64-linux-gnu/libc_nonshared.a(elf-init.oS)
                                         0x78 (size before relaxing)
 .eh_frame      0x0000000000008ffc        0x4 /usr/lib/gcc/x86_64-linux-gnu/9/crtendS.o
 *(.eh_frame.*)

.gcc_except_table
                0x0000000000009000      0x206
 *(.gcc_except_table .gcc_except_table.*)
 .gcc_except_table
                0x0000000000009000      0x1dc src/parse_tree.o
 .gcc_except_table
                0x00000000000091dc        0xd src/tnode.o
 .gcc_except_table
                0x00000000000091e9       0x1d src/main.o

.gnu_extab
 *(.gnu_extab*)

.exception_ranges
 *(.exception_ranges*)
                0x000000000000ac90                . = DATA_SEGMENT_ALIGN (CONSTANT (MAXPAGESIZE), CONSTANT (COMMONPAGESIZE))

.eh_frame
 *(.eh_frame)
 *(.eh_frame.*)

.gnu_extab
 *(.gnu_extab)

.gcc_except_table
 *(.gcc_except_table .gcc_except_table.*)

.exception_ranges
 *(.exception_ranges*)

.tdata          0x000000000000ac90        0x0
                [!provide]                        PROVIDE (__tdata_start = .)
 *(.tdata .tdata.* .gnu.linkonce.td.*)

.tbss
 *(.tbss .tbss.* .gnu.linkonce.tb.*)
 *(.tcommon)

.preinit_array  0x000000000000ac90        0x0
                [!provide]                        PROVIDE (__preinit_array_start = .)
 *(.preinit_array)
                [!provide]                        PROVIDE (__preinit_array_end = .)

.init_array     0x000000000000ac90       0x18
                0x000000000000ac90                PROVIDE (__init_array_start = .)
 *(SORT_BY_INIT_PRIORITY(.init_array.*) SORT_BY_INIT_PRIORITY(.ctors.*))
 *(.init_array EXCLUDE_FILE(*crtend?.o *crtend.o *crtbegin?.o *crtbegin.o) .ctors)
 .init_array    0x000000000000ac90        0x8 /usr/lib/gcc/x86_64-linux-gnu/9/crtbeginS.o
 .init_array    0x000000000000ac98        0x8 src/parse_tree.o
 .init_array    0x000000000000aca0        0x8 src/main.o
                0x000000000000aca8                PROVIDE (__init_array_end = .)

.fini_array     0x000000000000aca8        0x8
                [!provide]                        PROVIDE (__fini_array_start = .)
 *(SORT_BY_INIT_PRIORITY(.fini_array.*) SORT_BY_INIT_PRIORITY(.dtors.*))
 *(.fini_array EXCLUDE_FILE(*crtend?.o *crtend.o *crtbegin?.o *crtbegin.o) .dtors)
 .fini_array    0x000000000000aca8        0x8 /usr/lib/gcc/x86_64-linux-gnu/9/crtbeginS.o
                [!provide]                        PROVIDE (__fini_array_end = .)

.ctors
 *crtbegin.o(.ctors)
 *crtbegin?.o(.ctors)
 *(EXCLUDE_FILE(*crtend?.o *crtend.o) .ctors)
 *(SORT_BY_NAME(.ctors.*))
 *(.ctors)

.dtors
 *crtbegin.o(.dtors)
 *crtbegin?.o(.dtors)
 *(EXCLUDE_FILE(*crtend?.o *crtend.o) .dtors)
 *(SORT_BY_NAME(.dtors.*))
 *(.dtors)

.jcr
 *(.jcr)

.data.rel.ro    0x000000000000acb0        0x0
 *(.data.rel.ro.local* .gnu.linkonce.d.rel.ro.local.*)
 *(.data.rel.ro .data.rel.ro.* .gnu.linkonce.d.rel.ro.*)
 .data.rel.ro   0x000000000000acb0        0x0 /usr/lib/gcc/x86_64-linux-gnu/9/../../../x86_64-linux-gnu/Scrt1.o

.dynamic        0x000000000000acb0      0x210
 *(.dynamic)
 .dynamic       0x000000000000acb0      0x210 /usr/lib/gcc/x86_64-linux-gnu/9/../../../x86_64-linux-gnu/Scrt1.o
                0x000000000000acb0                _DYNAMIC

.got            0x000000000000aec0      0x140
 *(.got.plt)
 .got.plt       0x000000000000aec0      0x108 /usr/lib/gcc/x86_64-linux-gnu/9/../../../x86_64-linux-gnu/Scrt1.o
                0x000000000000aec0                _GLOBAL_OFFSET_TABLE_
 *(.igot.plt)
 *(.got)
 .got           0x000000000000afc8       0x38 /usr/lib/gcc/x86_64-linux-gnu/9/../../../x86_64-linux-gnu/Scrt1.o
 *(.igot)
                0x000000000000b000                . = DATA_SEGMENT_RELRO_END (., 0x0)

.data           0x000000000000b000       0x30
 *(.data .data.* .gnu.linkonce.d.*)
 .data          0x000000000000b000        0x4 /usr/lib/gcc/x86_64-linux-gnu/9/../../../x86_64-linux-gnu/Scrt1.o
                0x000000000000b000                data_start
                0x000000000000b000                __data_start
 .data          0x000000000000b004        0x0 /usr/lib/gcc/x86_64-linux-gnu/9/../../../x86_64-linux-gnu/crti.o
 .data          0x000000000000b004        0x0 /usr/lib/gcc/x86_64-linux-gnu/9/crtbeginS.o
 *fill*         0x000000000000b004        0x4 
 .data.rel.local
                0x000000000000b008        0x8 /usr/lib/gcc/x86_64-linux-gnu/9/crtbeginS.o
                0x000000000000b008                __dso_handle
 .data          0x000000000000b010       0x17 src/parse_tree.o
 *fill*         0x000000000000b027        0x1 
 .data.rel.local.DW.ref.__gxx_personality_v0
                0x000000000000b028        0x8 src/parse_tree.o
                0x000000000000b028                DW.ref.__gxx_personality_v0
 .data          0x000000000000b030        0x0 src/tnode.o
 .data          0x000000000000b030        0x0 src/main.o
 .data          0x000000000000b030        0x0 /usr/lib/x86_64-linux-gnu/libc_nonshared.a(elf-init.oS)
 .data          0x000000000000b030        0x0 /usr/lib/gcc/x86_64-linux-gnu/9/crtendS.o
 .data          0x000000000000b030        0x0 /usr/lib/gcc/x86_64-linux-gnu/9/../../../x86_64-linux-gnu/crtn.o

.tm_clone_table
                0x000000000000b030        0x0
 .tm_clone_table
                0x000000000000b030        0x0 /usr/lib/gcc/x86_64-linux-gnu/9/crtbeginS.o
 .tm_clone_table
                0x000000000000b030        0x0 /usr/lib/gcc/x86_64-linux-gnu/9/crtendS.o

.data1
 *(.data1)
                0x000000000000b030                _edata = .
                [!provide]                        PROVIDE (edata = .)
                0x000000000000b030                . = .
                0x000000000000b030                __bss_start = .

.bss            0x000000000000b040      0x120
 *(.dynbss)
 *fill*         0x000000000000b040        0x0 
 .dynbss        0x000000000000b040      0x110 /usr/lib/gcc/x86_64-linux-gnu/9/../../../x86_64-linux-gnu/Scrt1.o
                0x000000000000b040                std::cout@@GLIBCXX_3.4
 *(.bss .bss.* .gnu.linkonce.b.*)
 .bss           0x000000000000b150        0x0 /usr/lib/gcc/x86_64-linux-gnu/9/../../../x86_64-linux-gnu/Scrt1.o
 .bss           0x000000000000b150        0x0 /usr/lib/gcc/x86_64-linux-gnu/9/../../../x86_64-linux-gnu/crti.o
 .bss           0x000000000000b150        0x1 /usr/lib/gcc/x86_64-linux-gnu/9/crtbeginS.o
 .bss           0x000000000000b151        0x1 src/parse_tree.o
 *fill*         0x000000000000b152        0x2 
 .bss           0x000000000000b154        0x4 src/tnode.o
                0x000000000000b154                tnode::count
 .bss           0x000000000000b158        0x1 src/main.o
 .bss           0x000000000000b159        0x0 /usr/lib/x86_64-linux-gnu/libc_nonshared.a(elf-init.oS)
 .bss           0x000000000000b159        0x0 /usr/lib/gcc/x86_64-linux-gnu/9/crtendS.o
 .bss           0x000000000000b159        0x0 /usr/lib/gcc/x86_64-linux-gnu/9/../../../x86_64-linux-gnu/crtn.o
 *(COMMON)
                0x000000000000b160                . = ALIGN ((. != 0x0)?0x8:0x1)
 *fill*         0x000000000000b159        0x7 

.lbss
 *(.dynlbss)
 *(.lbss .lbss.* .gnu.linkonce.lb.*)
 *(LARGE_COMMON)
                0x000000000000b160                . = ALIGN (0x8)
                0x000000000000b160                . = SEGMENT_START ("ldata-segment", .)

.lrodata
 *(.lrodata .lrodata.* .gnu.linkonce.lr.*)

.ldata          0x000000000000d160        0x0
 *(.ldata .ldata.* .gnu.linkonce.l.*)
                0x000000000000d160                . = ALIGN ((. != 0x0)?0x8:0x1)
                0x000000000000d160                . = ALIGN (0x8)
                0x000000000000b160                _end = .
                [!provide]                        PROVIDE (end = .)
                0x000000000000d160                . = DATA_SEGMENT_END (.)

.stab
 *(.stab)

.stabstr
 *(.stabstr)

.stab.excl
 *(.stab.excl)

.stab.exclstr
 *(.stab.exclstr)

.stab.index
 *(.stab.index)

.stab.indexstr
 *(.stab.indexstr)

.comment        0x0000000000000000       0x2b
 *(.comment)
 .comment       0x0000000000000000       0x2b /usr/lib/gcc/x86_64-linux-gnu/9/crtbeginS.o
                                         0x2c (size before relaxing)
 .comment       0x000000000000002b       0x2c src/parse_tree.o
 .comment       0x000000000000002b       0x2c src/tnode.o
 .comment       0x000000000000002b       0x2c src/main.o
 .comment       0x000000000000002b       0x2c /usr/lib/gcc/x86_64-linux-gnu/9/crtendS.o

.gnu.build.attributes
 *(.gnu.build.attributes .gnu.build.attributes.*)

.debug
 *(.debug)

.line
 *(.line)

.debug_srcinfo
 *(.debug_srcinfo)

.debug_sfnames
 *(.debug_sfnames)

.debug_aranges  0x0000000000000000      0xa70
 *(.debug_aranges)
 .debug_aranges
                0x0000000000000000      0xa10 src/parse_tree.o
 .debug_aranges
                0x0000000000000a10       0x30 src/tnode.o
 .debug_aranges
                0x0000000000000a40       0x30 src/main.o

.debug_pubnames
 *(.debug_pubnames)

.debug_info     0x0000000000000000    0x1df90
 *(.debug_info .gnu.linkonce.wi.*)
 .debug_info    0x0000000000000000     0xd55d src/parse_tree.o
 .debug_info    0x000000000000d55d     0x791a src/tnode.o
 .debug_info    0x0000000000014e77     0x9119 src/main.o

.debug_abbrev   0x0000000000000000     0x1d32
 *(.debug_abbrev)
 .debug_abbrev  0x0000000000000000      0xbb4 src/parse_tree.o
 .debug_abbrev  0x0000000000000bb4      0x7c4 src/tnode.o
 .debug_abbrev  0x0000000000001378      0x9ba src/main.o

.debug_line     0x0000000000000000     0x307e
 *(.debug_line .debug_line.* .debug_line_end)
 .debug_line    0x0000000000000000     0x26b2 src/parse_tree.o
 .debug_line    0x00000000000026b2      0x474 src/tnode.o
 .debug_line    0x0000000000002b26      0x558 src/main.o

.debug_frame
 *(.debug_frame)

.debug_str      0x0000000000000000    0x10fb2
 *(.debug_str)
 .debug_str     0x0000000000000000     0xc915 src/parse_tree.o
                                       0xcea9 (size before relaxing)
 .debug_str     0x000000000000c915     0x467c src/tnode.o
                                       0xab40 (size before relaxing)
 .debug_str     0x0000000000010f91       0x21 src/main.o
                                       0xb258 (size before relaxing)

.debug_loc
 *(.debug_loc)

.debug_macinfo
 *(.debug_macinfo)

.debug_weaknames
 *(.debug_weaknames)

.debug_funcnames
 *(.debug_funcnames)

.debug_typenames
 *(.debug_typenames)

.debug_varnames
 *(.debug_varnames)

.debug_pubtypes
 *(.debug_pubtypes)

.debug_ranges   0x0000000000000000      0xa60
 *(.debug_ranges)
 .debug_ranges  0x0000000000000000      0xa60 src/parse_tree.o

.debug_macro
 *(.debug_macro)

.debug_addr
 *(.debug_addr)

.gnu.attributes
 *(.gnu.attributes)

/DISCARD/
 *(.note.GNU-stack)
 *(.gnu_debuglink)
 *(.gnu.lto_*)
OUTPUT(regex_pt elf64-x86-64)
